Archive member included because of file (symbol)

c:/program files/winavr/bin/../lib/gcc/avr/4.3.3/avr25\libgcc.a(_udivmodqi4.o)
                              ./7seg.o (__udivmodqi4)
c:/program files/winavr/bin/../lib/gcc/avr/4.3.3/avr25\libgcc.a(_divmodsi4.o)
                              ./POLLING3_Change3.o (__divmodsi4)
c:/program files/winavr/bin/../lib/gcc/avr/4.3.3/avr25\libgcc.a(_exit.o)
                              c:/program files/winavr/bin/../lib/gcc/avr/4.3.3/../../../../avr/lib/avr25/crttn84.o (exit)
c:/program files/winavr/bin/../lib/gcc/avr/4.3.3/avr25\libgcc.a(_copy_data.o)
                              ./7seg.o (__do_copy_data)
c:/program files/winavr/bin/../lib/gcc/avr/4.3.3/avr25\libgcc.a(_clear_bss.o)
                              ./POLLING3_Change3.o (__do_clear_bss)
c:/program files/winavr/bin/../lib/gcc/avr/4.3.3/avr25\libgcc.a(_fixunssfsi.o)
                              ./7seg.o (__fixunssfsi)
c:/program files/winavr/bin/../lib/gcc/avr/4.3.3/avr25\libgcc.a(_addsub_sf.o)
                              ./POLLING3_Change3.o (__subsf3)
c:/program files/winavr/bin/../lib/gcc/avr/4.3.3/avr25\libgcc.a(_mul_sf.o)
                              ./7seg.o (__mulsf3)
c:/program files/winavr/bin/../lib/gcc/avr/4.3.3/avr25\libgcc.a(_div_sf.o)
                              ./POLLING3_Change3.o (__divsf3)
c:/program files/winavr/bin/../lib/gcc/avr/4.3.3/avr25\libgcc.a(_gt_sf.o)
                              ./7seg.o (__gtsf2)
c:/program files/winavr/bin/../lib/gcc/avr/4.3.3/avr25\libgcc.a(_ge_sf.o)
                              c:/program files/winavr/bin/../lib/gcc/avr/4.3.3/avr25\libgcc.a(_fixunssfsi.o) (__gesf2)
c:/program files/winavr/bin/../lib/gcc/avr/4.3.3/avr25\libgcc.a(_lt_sf.o)
                              ./7seg.o (__ltsf2)
c:/program files/winavr/bin/../lib/gcc/avr/4.3.3/avr25\libgcc.a(_si_to_sf.o)
                              ./POLLING3_Change3.o (__floatsisf)
c:/program files/winavr/bin/../lib/gcc/avr/4.3.3/avr25\libgcc.a(_sf_to_si.o)
                              c:/program files/winavr/bin/../lib/gcc/avr/4.3.3/avr25\libgcc.a(_fixunssfsi.o) (__fixsfsi)
c:/program files/winavr/bin/../lib/gcc/avr/4.3.3/avr25\libgcc.a(_thenan_sf.o)
                              c:/program files/winavr/bin/../lib/gcc/avr/4.3.3/avr25\libgcc.a(_addsub_sf.o) (__thenan_sf)
c:/program files/winavr/bin/../lib/gcc/avr/4.3.3/avr25\libgcc.a(_udivmodsi4.o)
                              c:/program files/winavr/bin/../lib/gcc/avr/4.3.3/avr25\libgcc.a(_divmodsi4.o) (__udivmodsi4)
c:/program files/winavr/bin/../lib/gcc/avr/4.3.3/avr25\libgcc.a(_prologue.o)
                              c:/program files/winavr/bin/../lib/gcc/avr/4.3.3/avr25\libgcc.a(_addsub_sf.o) (__prologue_saves__)
c:/program files/winavr/bin/../lib/gcc/avr/4.3.3/avr25\libgcc.a(_epilogue.o)
                              c:/program files/winavr/bin/../lib/gcc/avr/4.3.3/avr25\libgcc.a(_addsub_sf.o) (__epilogue_restores__)
c:/program files/winavr/bin/../lib/gcc/avr/4.3.3/avr25\libgcc.a(_clzsi2.o)
                              c:/program files/winavr/bin/../lib/gcc/avr/4.3.3/avr25\libgcc.a(_si_to_sf.o) (__clzsi2)
c:/program files/winavr/bin/../lib/gcc/avr/4.3.3/avr25\libgcc.a(_pack_sf.o)
                              c:/program files/winavr/bin/../lib/gcc/avr/4.3.3/avr25\libgcc.a(_addsub_sf.o) (__pack_f)
c:/program files/winavr/bin/../lib/gcc/avr/4.3.3/avr25\libgcc.a(_unpack_sf.o)
                              c:/program files/winavr/bin/../lib/gcc/avr/4.3.3/avr25\libgcc.a(_addsub_sf.o) (__unpack_f)
c:/program files/winavr/bin/../lib/gcc/avr/4.3.3/avr25\libgcc.a(_fpcmp_parts_sf.o)
                              c:/program files/winavr/bin/../lib/gcc/avr/4.3.3/avr25\libgcc.a(_gt_sf.o) (__fpcmp_parts_f)
c:/program files/winavr/bin/../lib/gcc/avr/4.3.3/avr25\libgcc.a(_clz.o)
                              c:/program files/winavr/bin/../lib/gcc/avr/4.3.3/avr25\libgcc.a(_clzsi2.o) (__clz_tab)
c:/program files/winavr/bin/../lib/gcc/avr/4.3.3/../../../../avr/lib/avr25\libc.a(log.o)
                              ./POLLING3_Change3.o (log)
c:/program files/winavr/bin/../lib/gcc/avr/4.3.3/../../../../avr/lib/avr25\libc.a(mulsf3x.o)
                              c:/program files/winavr/bin/../lib/gcc/avr/4.3.3/../../../../avr/lib/avr25\libc.a(log.o) (__mulsf3x)
c:/program files/winavr/bin/../lib/gcc/avr/4.3.3/../../../../avr/lib/avr25\libc.a(addsf3x.o)
                              c:/program files/winavr/bin/../lib/gcc/avr/4.3.3/../../../../avr/lib/avr25\libc.a(log.o) (__addsf3x)
c:/program files/winavr/bin/../lib/gcc/avr/4.3.3/../../../../avr/lib/avr25\libc.a(fp_inf.o)
                              c:/program files/winavr/bin/../lib/gcc/avr/4.3.3/../../../../avr/lib/avr25\libc.a(log.o) (__fp_inf)
c:/program files/winavr/bin/../lib/gcc/avr/4.3.3/../../../../avr/lib/avr25\libc.a(fp_mpack.o)
                              c:/program files/winavr/bin/../lib/gcc/avr/4.3.3/../../../../avr/lib/avr25\libc.a(log.o) (__fp_mpack)
c:/program files/winavr/bin/../lib/gcc/avr/4.3.3/../../../../avr/lib/avr25\libc.a(fp_nan.o)
                              c:/program files/winavr/bin/../lib/gcc/avr/4.3.3/../../../../avr/lib/avr25\libc.a(log.o) (__fp_nan)
c:/program files/winavr/bin/../lib/gcc/avr/4.3.3/../../../../avr/lib/avr25\libc.a(fp_powser.o)
                              c:/program files/winavr/bin/../lib/gcc/avr/4.3.3/../../../../avr/lib/avr25\libc.a(log.o) (__fp_powser)
c:/program files/winavr/bin/../lib/gcc/avr/4.3.3/../../../../avr/lib/avr25\libc.a(fp_pscA.o)
                              c:/program files/winavr/bin/../lib/gcc/avr/4.3.3/../../../../avr/lib/avr25\libc.a(mulsf3x.o) (__fp_pscA)
c:/program files/winavr/bin/../lib/gcc/avr/4.3.3/../../../../avr/lib/avr25\libc.a(fp_pscB.o)
                              c:/program files/winavr/bin/../lib/gcc/avr/4.3.3/../../../../avr/lib/avr25\libc.a(mulsf3x.o) (__fp_pscB)
c:/program files/winavr/bin/../lib/gcc/avr/4.3.3/../../../../avr/lib/avr25\libc.a(fp_round.o)
                              c:/program files/winavr/bin/../lib/gcc/avr/4.3.3/../../../../avr/lib/avr25\libc.a(log.o) (__fp_round)
c:/program files/winavr/bin/../lib/gcc/avr/4.3.3/../../../../avr/lib/avr25\libc.a(fp_split3.o)
                              c:/program files/winavr/bin/../lib/gcc/avr/4.3.3/../../../../avr/lib/avr25\libc.a(mulsf3x.o) (__fp_split3)
c:/program files/winavr/bin/../lib/gcc/avr/4.3.3/../../../../avr/lib/avr25\libc.a(fp_zero.o)
                              c:/program files/winavr/bin/../lib/gcc/avr/4.3.3/../../../../avr/lib/avr25\libc.a(addsf3x.o) (__fp_zero)

Allocating common symbols
Common symbol       size              file

upper_digit         0x1               ./POLLING3_Change3.o
val                 0x2               ./POLLING3_Change3.o
R                   0x4               ./POLLING3_Change3.o
ntc                 0x4               ./POLLING3_Change3.o
lower_digit         0x1               ./POLLING3_Change3.o

Memory Configuration

Name             Origin             Length             Attributes
text             0x00000000         0x00002000         xr
data             0x00800060         0x0000ffa0         rw !x
eeprom           0x00810000         0x00010000         rw !x
fuse             0x00820000         0x00000400         rw !x
lock             0x00830000         0x00000400         rw !x
signature        0x00840000         0x00000400         rw !x
*default*        0x00000000         0xffffffff

Linker script and memory map

LOAD c:/program files/winavr/bin/../lib/gcc/avr/4.3.3/../../../../avr/lib/avr25/crttn84.o
LOAD ./7seg.o
LOAD ./7seg_new_connection.o
LOAD ./POLLING3_Change3.o
LOAD ./adc.o
LOAD ./timer0.o
LOAD ./timer1.o
LOAD c:/program files/winavr/bin/../lib/gcc/avr/4.3.3/avr25\libgcc.a
LOAD c:/program files/winavr/bin/../lib/gcc/avr/4.3.3/../../../../avr/lib/avr25\libc.a
LOAD c:/program files/winavr/bin/../lib/gcc/avr/4.3.3/avr25\libgcc.a

.hash
 *(.hash)

.dynsym
 *(.dynsym)

.dynstr
 *(.dynstr)

.gnu.version
 *(.gnu.version)

.gnu.version_d
 *(.gnu.version_d)

.gnu.version_r
 *(.gnu.version_r)

.rel.init
 *(.rel.init)

.rela.init
 *(.rela.init)

.rel.text
 *(.rel.text)
 *(.rel.text.*)
 *(.rel.gnu.linkonce.t*)

.rela.text
 *(.rela.text)
 *(.rela.text.*)
 *(.rela.gnu.linkonce.t*)

.rel.fini
 *(.rel.fini)

.rela.fini
 *(.rela.fini)

.rel.rodata
 *(.rel.rodata)
 *(.rel.rodata.*)
 *(.rel.gnu.linkonce.r*)

.rela.rodata
 *(.rela.rodata)
 *(.rela.rodata.*)
 *(.rela.gnu.linkonce.r*)

.rel.data
 *(.rel.data)
 *(.rel.data.*)
 *(.rel.gnu.linkonce.d*)

.rela.data
 *(.rela.data)
 *(.rela.data.*)
 *(.rela.gnu.linkonce.d*)

.rel.ctors
 *(.rel.ctors)

.rela.ctors
 *(.rela.ctors)

.rel.dtors
 *(.rel.dtors)

.rela.dtors
 *(.rela.dtors)

.rel.got
 *(.rel.got)

.rela.got
 *(.rela.got)

.rel.bss
 *(.rel.bss)

.rela.bss
 *(.rela.bss)

.rel.plt
 *(.rel.plt)

.rela.plt
 *(.rela.plt)

.text           0x00000000     0x1e86
 *(.vectors)
 .vectors       0x00000000       0x22 c:/program files/winavr/bin/../lib/gcc/avr/4.3.3/../../../../avr/lib/avr25/crttn84.o
                0x00000000                __vectors
                0x00000000                __vector_default
 *(.vectors)
 *(.progmem.gcc*)
 .progmem.gcc_fplib
                0x00000022       0x5a c:/program files/winavr/bin/../lib/gcc/avr/4.3.3/../../../../avr/lib/avr25\libc.a(log.o)
 *(.progmem*)
                0x0000007c                . = ALIGN (0x2)
                0x0000007c                __trampolines_start = .
 *(.trampolines)
 .trampolines   0x0000007c        0x0 linker stubs
 *(.trampolines*)
                0x0000007c                __trampolines_end = .
 *(.jumptables)
 *(.jumptables*)
 *(.lowtext)
 *(.lowtext*)
                0x0000007c                __ctors_start = .
 *(.ctors)
                0x0000007c                __ctors_end = .
                0x0000007c                __dtors_start = .
 *(.dtors)
                0x0000007c                __dtors_end = .
 SORT(*)(.ctors)
 SORT(*)(.dtors)
 *(.init0)
 .init0         0x0000007c        0x0 c:/program files/winavr/bin/../lib/gcc/avr/4.3.3/../../../../avr/lib/avr25/crttn84.o
                0x0000007c                __init
 *(.init0)
 *(.init1)
 *(.init1)
 *(.init2)
 .init2         0x0000007c        0xc c:/program files/winavr/bin/../lib/gcc/avr/4.3.3/../../../../avr/lib/avr25/crttn84.o
 *(.init2)
 *(.init3)
 *(.init3)
 *(.init4)
 .init4         0x00000088       0x16 c:/program files/winavr/bin/../lib/gcc/avr/4.3.3/avr25\libgcc.a(_copy_data.o)
                0x00000088                __do_copy_data
 .init4         0x0000009e       0x10 c:/program files/winavr/bin/../lib/gcc/avr/4.3.3/avr25\libgcc.a(_clear_bss.o)
                0x0000009e                __do_clear_bss
 *(.init4)
 *(.init5)
 *(.init5)
 *(.init6)
 *(.init6)
 *(.init7)
 *(.init7)
 *(.init8)
 *(.init8)
 *(.init9)
 .init9         0x000000ae        0x4 c:/program files/winavr/bin/../lib/gcc/avr/4.3.3/../../../../avr/lib/avr25/crttn84.o
 *(.init9)
 *(.text)
 .text          0x000000b2        0x2 c:/program files/winavr/bin/../lib/gcc/avr/4.3.3/../../../../avr/lib/avr25/crttn84.o
                0x000000b2                __vector_1
                0x000000b2                __vector_12
                0x000000b2                __bad_interrupt
                0x000000b2                __vector_3
                0x000000b2                __vector_11
                0x000000b2                __vector_7
                0x000000b2                __vector_5
                0x000000b2                __vector_4
                0x000000b2                __vector_2
                0x000000b2                __vector_15
                0x000000b2                __vector_8
                0x000000b2                __vector_14
                0x000000b2                __vector_10
                0x000000b2                __vector_16
 .text          0x000000b4        0x0 ./7seg.o
 .text          0x000000b4        0x0 ./7seg_new_connection.o
 .text          0x000000b4        0x0 ./POLLING3_Change3.o
 .text          0x000000b4        0x0 ./adc.o
 .text          0x000000b4        0x0 ./timer0.o
 .text          0x000000b4        0x0 ./timer1.o
 .text          0x000000b4        0x0 c:/program files/winavr/bin/../lib/gcc/avr/4.3.3/avr25\libgcc.a(_udivmodqi4.o)
 .text          0x000000b4        0x0 c:/program files/winavr/bin/../lib/gcc/avr/4.3.3/avr25\libgcc.a(_divmodsi4.o)
 .text          0x000000b4        0x0 c:/program files/winavr/bin/../lib/gcc/avr/4.3.3/avr25\libgcc.a(_exit.o)
 .text          0x000000b4        0x0 c:/program files/winavr/bin/../lib/gcc/avr/4.3.3/avr25\libgcc.a(_copy_data.o)
 .text          0x000000b4        0x0 c:/program files/winavr/bin/../lib/gcc/avr/4.3.3/avr25\libgcc.a(_clear_bss.o)
 .text          0x000000b4       0x50 c:/program files/winavr/bin/../lib/gcc/avr/4.3.3/avr25\libgcc.a(_fixunssfsi.o)
                0x000000b4                __fixunssfsi
 .text          0x00000104      0x338 c:/program files/winavr/bin/../lib/gcc/avr/4.3.3/avr25\libgcc.a(_addsub_sf.o)
                0x00000398                __subsf3
                0x000003ee                __addsf3
 .text          0x0000043c      0x1ea c:/program files/winavr/bin/../lib/gcc/avr/4.3.3/avr25\libgcc.a(_mul_sf.o)
                0x0000043c                __mulsf3
 .text          0x00000626      0x14e c:/program files/winavr/bin/../lib/gcc/avr/4.3.3/avr25\libgcc.a(_div_sf.o)
                0x00000626                __divsf3
 .text          0x00000774       0x56 c:/program files/winavr/bin/../lib/gcc/avr/4.3.3/avr25\libgcc.a(_gt_sf.o)
                0x00000774                __gtsf2
 .text          0x000007ca       0x56 c:/program files/winavr/bin/../lib/gcc/avr/4.3.3/avr25\libgcc.a(_ge_sf.o)
                0x000007ca                __gesf2
 .text          0x00000820       0x56 c:/program files/winavr/bin/../lib/gcc/avr/4.3.3/avr25\libgcc.a(_lt_sf.o)
                0x00000820                __ltsf2
 .text          0x00000876       0xb4 c:/program files/winavr/bin/../lib/gcc/avr/4.3.3/avr25\libgcc.a(_si_to_sf.o)
                0x00000876                __floatsisf
 .text          0x0000092a       0xa2 c:/program files/winavr/bin/../lib/gcc/avr/4.3.3/avr25\libgcc.a(_sf_to_si.o)
                0x0000092a                __fixsfsi
 .text          0x000009cc        0x0 c:/program files/winavr/bin/../lib/gcc/avr/4.3.3/avr25\libgcc.a(_thenan_sf.o)
 .text          0x000009cc        0x0 c:/program files/winavr/bin/../lib/gcc/avr/4.3.3/avr25\libgcc.a(_udivmodsi4.o)
 .text          0x000009cc        0x0 c:/program files/winavr/bin/../lib/gcc/avr/4.3.3/avr25\libgcc.a(_prologue.o)
 .text          0x000009cc        0x0 c:/program files/winavr/bin/../lib/gcc/avr/4.3.3/avr25\libgcc.a(_epilogue.o)
 .text          0x000009cc       0x9e c:/program files/winavr/bin/../lib/gcc/avr/4.3.3/avr25\libgcc.a(_clzsi2.o)
                0x000009cc                __clzsi2
 .text          0x00000a6a      0x1aa c:/program files/winavr/bin/../lib/gcc/avr/4.3.3/avr25\libgcc.a(_pack_sf.o)
                0x00000a6a                __pack_f
 .text          0x00000c14       0xf0 c:/program files/winavr/bin/../lib/gcc/avr/4.3.3/avr25\libgcc.a(_unpack_sf.o)
                0x00000c14                __unpack_f
 .text          0x00000d04       0xb2 c:/program files/winavr/bin/../lib/gcc/avr/4.3.3/avr25\libgcc.a(_fpcmp_parts_sf.o)
                0x00000d04                __fpcmp_parts_f
 .text          0x00000db6        0x0 c:/program files/winavr/bin/../lib/gcc/avr/4.3.3/avr25\libgcc.a(_clz.o)
 .text          0x00000db6        0x0 c:/program files/winavr/bin/../lib/gcc/avr/4.3.3/../../../../avr/lib/avr25\libc.a(log.o)
 .text          0x00000db6        0x0 c:/program files/winavr/bin/../lib/gcc/avr/4.3.3/../../../../avr/lib/avr25\libc.a(mulsf3x.o)
 .text          0x00000db6        0x0 c:/program files/winavr/bin/../lib/gcc/avr/4.3.3/../../../../avr/lib/avr25\libc.a(addsf3x.o)
 .text          0x00000db6        0x0 c:/program files/winavr/bin/../lib/gcc/avr/4.3.3/../../../../avr/lib/avr25\libc.a(fp_inf.o)
 .text          0x00000db6        0x0 c:/program files/winavr/bin/../lib/gcc/avr/4.3.3/../../../../avr/lib/avr25\libc.a(fp_mpack.o)
 .text          0x00000db6        0x0 c:/program files/winavr/bin/../lib/gcc/avr/4.3.3/../../../../avr/lib/avr25\libc.a(fp_nan.o)
 .text          0x00000db6        0x0 c:/program files/winavr/bin/../lib/gcc/avr/4.3.3/../../../../avr/lib/avr25\libc.a(fp_powser.o)
 .text          0x00000db6        0x0 c:/program files/winavr/bin/../lib/gcc/avr/4.3.3/../../../../avr/lib/avr25\libc.a(fp_pscA.o)
 .text          0x00000db6        0x0 c:/program files/winavr/bin/../lib/gcc/avr/4.3.3/../../../../avr/lib/avr25\libc.a(fp_pscB.o)
 .text          0x00000db6        0x0 c:/program files/winavr/bin/../lib/gcc/avr/4.3.3/../../../../avr/lib/avr25\libc.a(fp_round.o)
 .text          0x00000db6        0x0 c:/program files/winavr/bin/../lib/gcc/avr/4.3.3/../../../../avr/lib/avr25\libc.a(fp_split3.o)
 .text          0x00000db6        0x0 c:/program files/winavr/bin/../lib/gcc/avr/4.3.3/../../../../avr/lib/avr25\libc.a(fp_zero.o)
                0x00000db6                . = ALIGN (0x2)
 *(.text.*)
 .text.SEG_displayDigit
                0x00000db6       0x36 ./7seg.o
                0x00000db6                SEG_displayDigit
 .text.SEG_displayUpDigit
                0x00000dec       0x44 ./7seg.o
                0x00000dec                SEG_displayUpDigit
 .text.SEG_displayLowDigit
                0x00000e30       0x44 ./7seg.o
                0x00000e30                SEG_displayLowDigit
 .text.SEG_displayNum
                0x00000e74      0x24a ./7seg.o
                0x00000e74                SEG_displayNum
 .text.SEG_initV2
                0x000010be       0x3a ./7seg_new_connection.o
                0x000010be                SEG_initV2
 .text.SEG_displayDigitV2
                0x000010f8       0x54 ./7seg_new_connection.o
                0x000010f8                SEG_displayDigitV2
 .text.SEG_displayUpDigitV2
                0x0000114c       0x70 ./7seg_new_connection.o
                0x0000114c                SEG_displayUpDigitV2
 .text.SEG_displayLowDigitV2
                0x000011bc       0x70 ./7seg_new_connection.o
                0x000011bc                SEG_displayLowDigitV2
 .text.SEG_displayNumV2
                0x0000122c      0x2ac ./7seg_new_connection.o
                0x0000122c                SEG_displayNumV2
 .text.APP_raiseAdcFlag
                0x000014d8       0x38 ./POLLING3_Change3.o
                0x000014d8                APP_raiseAdcFlag
 .text.APP_multiplex
                0x00001510       0x3a ./POLLING3_Change3.o
                0x00001510                APP_multiplex
 .text.getTemp  0x0000154a      0x19e ./POLLING3_Change3.o
                0x0000154a                getTemp
 .text.main     0x000016e8       0xa4 ./POLLING3_Change3.o
                0x000016e8                main
 .text.__vector_13
                0x0000178c       0x66 ./adc.o
                0x0000178c                __vector_13
 .text.ADC_initINT
                0x000017f2       0x2a ./adc.o
                0x000017f2                ADC_initINT
 .text.ADC_readValInterrupt
                0x0000181c       0x1c ./adc.o
                0x0000181c                ADC_readValInterrupt
 .text.ADC_setCallback
                0x00001838       0x24 ./adc.o
                0x00001838                ADC_setCallback
 .text.ADC_init
                0x0000185c       0x2a ./adc.o
                0x0000185c                ADC_init
 .text.ADC_readVal
                0x00001886       0x44 ./adc.o
                0x00001886                ADC_readVal
 .text.__vector_9
                0x000018ca       0x66 ./timer0.o
                0x000018ca                __vector_9
 .text.TIMER0_CTC_init
                0x00001930       0x3a ./timer0.o
                0x00001930                TIMER0_CTC_init
 .text.TIMER0_setCallback
                0x0000196a       0x24 ./timer0.o
                0x0000196a                TIMER0_setCallback
 .text.__vector_6
                0x0000198e       0x66 ./timer1.o
                0x0000198e                __vector_6
 .text.TIMER1_CTC_init
                0x000019f4       0x46 ./timer1.o
                0x000019f4                TIMER1_CTC_init
 .text.TIMER1_setCallback
                0x00001a3a       0x24 ./timer1.o
                0x00001a3a                TIMER1_setCallback
 .text.libgcc   0x00001a5e       0x18 c:/program files/winavr/bin/../lib/gcc/avr/4.3.3/avr25\libgcc.a(_udivmodqi4.o)
                0x00001a5e                __udivmodqi4
 .text.libgcc   0x00001a76       0x36 c:/program files/winavr/bin/../lib/gcc/avr/4.3.3/avr25\libgcc.a(_divmodsi4.o)
                0x00001a76                __divmodsi4
 .text.libgcc   0x00001aac        0x0 c:/program files/winavr/bin/../lib/gcc/avr/4.3.3/avr25\libgcc.a(_exit.o)
 .text.libgcc   0x00001aac        0x0 c:/program files/winavr/bin/../lib/gcc/avr/4.3.3/avr25\libgcc.a(_copy_data.o)
 .text.libgcc   0x00001aac        0x0 c:/program files/winavr/bin/../lib/gcc/avr/4.3.3/avr25\libgcc.a(_clear_bss.o)
 .text.libgcc   0x00001aac       0x44 c:/program files/winavr/bin/../lib/gcc/avr/4.3.3/avr25\libgcc.a(_udivmodsi4.o)
                0x00001aac                __udivmodsi4
 .text.libgcc   0x00001af0       0x38 c:/program files/winavr/bin/../lib/gcc/avr/4.3.3/avr25\libgcc.a(_prologue.o)
                0x00001af0                __prologue_saves__
 .text.libgcc   0x00001b28       0x36 c:/program files/winavr/bin/../lib/gcc/avr/4.3.3/avr25\libgcc.a(_epilogue.o)
                0x00001b28                __epilogue_restores__
 .text.avr-libc.fplib
                0x00001b5e       0x8a c:/program files/winavr/bin/../lib/gcc/avr/4.3.3/../../../../avr/lib/avr25\libc.a(log.o)
                0x00001b68                log
 .text.avr-libc.fplib
                0x00001be8       0xd2 c:/program files/winavr/bin/../lib/gcc/avr/4.3.3/../../../../avr/lib/avr25\libc.a(mulsf3x.o)
                0x00001bfe                __mulsf3_pse
                0x00001bfa                __mulsf3x
 .text.avr-libc.fplib
                0x00001cba       0xc0 c:/program files/winavr/bin/../lib/gcc/avr/4.3.3/../../../../avr/lib/avr25\libc.a(addsf3x.o)
                0x00001cd4                __addsf3x
 .text.avr-libc.fplib
                0x00001d7a        0xc c:/program files/winavr/bin/../lib/gcc/avr/4.3.3/../../../../avr/lib/avr25\libc.a(fp_inf.o)
                0x00001d7a                __fp_inf
 .text.avr-libc.fplib
                0x00001d86       0x1c c:/program files/winavr/bin/../lib/gcc/avr/4.3.3/../../../../avr/lib/avr25\libc.a(fp_mpack.o)
                0x00001d8a                __fp_mpack_finite
                0x00001d86                __fp_mpack
 .text.avr-libc.fplib
                0x00001da2        0x6 c:/program files/winavr/bin/../lib/gcc/avr/4.3.3/../../../../avr/lib/avr25\libc.a(fp_nan.o)
                0x00001da2                __fp_nan
 .text.avr-libc.fplib
                0x00001da8       0x4a c:/program files/winavr/bin/../lib/gcc/avr/4.3.3/../../../../avr/lib/avr25\libc.a(fp_powser.o)
                0x00001da8                __fp_powser
 .text.avr-libc.fplib
                0x00001df2        0xe c:/program files/winavr/bin/../lib/gcc/avr/4.3.3/../../../../avr/lib/avr25\libc.a(fp_pscA.o)
                0x00001df2                __fp_pscA
 .text.avr-libc.fplib
                0x00001e00        0xe c:/program files/winavr/bin/../lib/gcc/avr/4.3.3/../../../../avr/lib/avr25\libc.a(fp_pscB.o)
                0x00001e00                __fp_pscB
 .text.avr-libc.fplib
                0x00001e0e       0x22 c:/program files/winavr/bin/../lib/gcc/avr/4.3.3/../../../../avr/lib/avr25\libc.a(fp_round.o)
                0x00001e0e                __fp_round
 .text.avr-libc.fplib
                0x00001e30       0x44 c:/program files/winavr/bin/../lib/gcc/avr/4.3.3/../../../../avr/lib/avr25\libc.a(fp_split3.o)
                0x00001e30                __fp_split3
                0x00001e40                __fp_splitA
 .text.avr-libc.fplib
                0x00001e74        0xe c:/program files/winavr/bin/../lib/gcc/avr/4.3.3/../../../../avr/lib/avr25\libc.a(fp_zero.o)
                0x00001e74                __fp_zero
                0x00001e76                __fp_szero
                0x00001e82                . = ALIGN (0x2)
 *(.fini9)
 .fini9         0x00001e82        0x0 c:/program files/winavr/bin/../lib/gcc/avr/4.3.3/avr25\libgcc.a(_exit.o)
                0x00001e82                exit
                0x00001e82                _exit
 *(.fini9)
 *(.fini8)
 *(.fini8)
 *(.fini7)
 *(.fini7)
 *(.fini6)
 *(.fini6)
 *(.fini5)
 *(.fini5)
 *(.fini4)
 *(.fini4)
 *(.fini3)
 *(.fini3)
 *(.fini2)
 *(.fini2)
 *(.fini1)
 *(.fini1)
 *(.fini0)
 .fini0         0x00001e82        0x4 c:/program files/winavr/bin/../lib/gcc/avr/4.3.3/avr25\libgcc.a(_exit.o)
 *(.fini0)
                0x00001e86                _etext = .

.data           0x00800060      0x126 load address 0x00001e86
                0x00800060                PROVIDE (__data_start, .)
 *(.data)
 .data          0x00800060        0x0 c:/program files/winavr/bin/../lib/gcc/avr/4.3.3/../../../../avr/lib/avr25/crttn84.o
 .data          0x00800060        0x0 ./7seg.o
 .data          0x00800060        0x0 ./7seg_new_connection.o
 .data          0x00800060        0x0 ./POLLING3_Change3.o
 .data          0x00800060        0x0 ./adc.o
 .data          0x00800060        0x0 ./timer0.o
 .data          0x00800060        0x0 ./timer1.o
 .data          0x00800060        0x0 c:/program files/winavr/bin/../lib/gcc/avr/4.3.3/avr25\libgcc.a(_udivmodqi4.o)
 .data          0x00800060        0x0 c:/program files/winavr/bin/../lib/gcc/avr/4.3.3/avr25\libgcc.a(_divmodsi4.o)
 .data          0x00800060        0x0 c:/program files/winavr/bin/../lib/gcc/avr/4.3.3/avr25\libgcc.a(_exit.o)
 .data          0x00800060        0x0 c:/program files/winavr/bin/../lib/gcc/avr/4.3.3/avr25\libgcc.a(_copy_data.o)
 .data          0x00800060        0x0 c:/program files/winavr/bin/../lib/gcc/avr/4.3.3/avr25\libgcc.a(_clear_bss.o)
 .data          0x00800060        0x0 c:/program files/winavr/bin/../lib/gcc/avr/4.3.3/avr25\libgcc.a(_fixunssfsi.o)
 .data          0x00800060        0x0 c:/program files/winavr/bin/../lib/gcc/avr/4.3.3/avr25\libgcc.a(_addsub_sf.o)
 .data          0x00800060        0x0 c:/program files/winavr/bin/../lib/gcc/avr/4.3.3/avr25\libgcc.a(_mul_sf.o)
 .data          0x00800060        0x0 c:/program files/winavr/bin/../lib/gcc/avr/4.3.3/avr25\libgcc.a(_div_sf.o)
 .data          0x00800060        0x0 c:/program files/winavr/bin/../lib/gcc/avr/4.3.3/avr25\libgcc.a(_gt_sf.o)
 .data          0x00800060        0x0 c:/program files/winavr/bin/../lib/gcc/avr/4.3.3/avr25\libgcc.a(_ge_sf.o)
 .data          0x00800060        0x0 c:/program files/winavr/bin/../lib/gcc/avr/4.3.3/avr25\libgcc.a(_lt_sf.o)
 .data          0x00800060        0x0 c:/program files/winavr/bin/../lib/gcc/avr/4.3.3/avr25\libgcc.a(_si_to_sf.o)
 .data          0x00800060        0x0 c:/program files/winavr/bin/../lib/gcc/avr/4.3.3/avr25\libgcc.a(_sf_to_si.o)
 .data          0x00800060        0x8 c:/program files/winavr/bin/../lib/gcc/avr/4.3.3/avr25\libgcc.a(_thenan_sf.o)
                0x00800060                __thenan_sf
 .data          0x00800068        0x0 c:/program files/winavr/bin/../lib/gcc/avr/4.3.3/avr25\libgcc.a(_udivmodsi4.o)
 .data          0x00800068        0x0 c:/program files/winavr/bin/../lib/gcc/avr/4.3.3/avr25\libgcc.a(_prologue.o)
 .data          0x00800068        0x0 c:/program files/winavr/bin/../lib/gcc/avr/4.3.3/avr25\libgcc.a(_epilogue.o)
 .data          0x00800068        0x0 c:/program files/winavr/bin/../lib/gcc/avr/4.3.3/avr25\libgcc.a(_clzsi2.o)
 .data          0x00800068        0x0 c:/program files/winavr/bin/../lib/gcc/avr/4.3.3/avr25\libgcc.a(_pack_sf.o)
 .data          0x00800068        0x0 c:/program files/winavr/bin/../lib/gcc/avr/4.3.3/avr25\libgcc.a(_unpack_sf.o)
 .data          0x00800068        0x0 c:/program files/winavr/bin/../lib/gcc/avr/4.3.3/avr25\libgcc.a(_fpcmp_parts_sf.o)
 .data          0x00800068      0x100 c:/program files/winavr/bin/../lib/gcc/avr/4.3.3/avr25\libgcc.a(_clz.o)
                0x00800068                __clz_tab
 .data          0x00800168        0x0 c:/program files/winavr/bin/../lib/gcc/avr/4.3.3/../../../../avr/lib/avr25\libc.a(log.o)
 .data          0x00800168        0x0 c:/program files/winavr/bin/../lib/gcc/avr/4.3.3/../../../../avr/lib/avr25\libc.a(mulsf3x.o)
 .data          0x00800168        0x0 c:/program files/winavr/bin/../lib/gcc/avr/4.3.3/../../../../avr/lib/avr25\libc.a(addsf3x.o)
 .data          0x00800168        0x0 c:/program files/winavr/bin/../lib/gcc/avr/4.3.3/../../../../avr/lib/avr25\libc.a(fp_inf.o)
 .data          0x00800168        0x0 c:/program files/winavr/bin/../lib/gcc/avr/4.3.3/../../../../avr/lib/avr25\libc.a(fp_mpack.o)
 .data          0x00800168        0x0 c:/program files/winavr/bin/../lib/gcc/avr/4.3.3/../../../../avr/lib/avr25\libc.a(fp_nan.o)
 .data          0x00800168        0x0 c:/program files/winavr/bin/../lib/gcc/avr/4.3.3/../../../../avr/lib/avr25\libc.a(fp_powser.o)
 .data          0x00800168        0x0 c:/program files/winavr/bin/../lib/gcc/avr/4.3.3/../../../../avr/lib/avr25\libc.a(fp_pscA.o)
 .data          0x00800168        0x0 c:/program files/winavr/bin/../lib/gcc/avr/4.3.3/../../../../avr/lib/avr25\libc.a(fp_pscB.o)
 .data          0x00800168        0x0 c:/program files/winavr/bin/../lib/gcc/avr/4.3.3/../../../../avr/lib/avr25\libc.a(fp_round.o)
 .data          0x00800168        0x0 c:/program files/winavr/bin/../lib/gcc/avr/4.3.3/../../../../avr/lib/avr25\libc.a(fp_split3.o)
 .data          0x00800168        0x0 c:/program files/winavr/bin/../lib/gcc/avr/4.3.3/../../../../avr/lib/avr25\libc.a(fp_zero.o)
 *(.data*)
 *(.rodata)
 *(.rodata*)
 .rodata.g_segmentArray
                0x00800168        0xa ./7seg.o
                0x00800168                g_segmentArray
 .rodata.g_segmentArrayA
                0x00800172        0xa ./7seg_new_connection.o
                0x00800172                g_segmentArrayA
 .rodata.g_segmentArrayB
                0x0080017c        0xa ./7seg_new_connection.o
                0x0080017c                g_segmentArrayB
 *(.gnu.linkonce.d*)
                0x00800186                . = ALIGN (0x2)
                0x00800186                _edata = .
                0x00800186                PROVIDE (__data_end, .)

.bss            0x00800186       0x18
                0x00800186                PROVIDE (__bss_start, .)
 *(.bss)
 .bss           0x00800186        0x0 c:/program files/winavr/bin/../lib/gcc/avr/4.3.3/../../../../avr/lib/avr25/crttn84.o
 .bss           0x00800186        0x0 ./7seg.o
 .bss           0x00800186        0x0 ./7seg_new_connection.o
 .bss           0x00800186        0x0 ./POLLING3_Change3.o
 .bss           0x00800186        0x0 ./adc.o
 .bss           0x00800186        0x0 ./timer0.o
 .bss           0x00800186        0x0 ./timer1.o
 .bss           0x00800186        0x0 c:/program files/winavr/bin/../lib/gcc/avr/4.3.3/avr25\libgcc.a(_udivmodqi4.o)
 .bss           0x00800186        0x0 c:/program files/winavr/bin/../lib/gcc/avr/4.3.3/avr25\libgcc.a(_divmodsi4.o)
 .bss           0x00800186        0x0 c:/program files/winavr/bin/../lib/gcc/avr/4.3.3/avr25\libgcc.a(_exit.o)
 .bss           0x00800186        0x0 c:/program files/winavr/bin/../lib/gcc/avr/4.3.3/avr25\libgcc.a(_copy_data.o)
 .bss           0x00800186        0x0 c:/program files/winavr/bin/../lib/gcc/avr/4.3.3/avr25\libgcc.a(_clear_bss.o)
 .bss           0x00800186        0x0 c:/program files/winavr/bin/../lib/gcc/avr/4.3.3/avr25\libgcc.a(_fixunssfsi.o)
 .bss           0x00800186        0x0 c:/program files/winavr/bin/../lib/gcc/avr/4.3.3/avr25\libgcc.a(_addsub_sf.o)
 .bss           0x00800186        0x0 c:/program files/winavr/bin/../lib/gcc/avr/4.3.3/avr25\libgcc.a(_mul_sf.o)
 .bss           0x00800186        0x0 c:/program files/winavr/bin/../lib/gcc/avr/4.3.3/avr25\libgcc.a(_div_sf.o)
 .bss           0x00800186        0x0 c:/program files/winavr/bin/../lib/gcc/avr/4.3.3/avr25\libgcc.a(_gt_sf.o)
 .bss           0x00800186        0x0 c:/program files/winavr/bin/../lib/gcc/avr/4.3.3/avr25\libgcc.a(_ge_sf.o)
 .bss           0x00800186        0x0 c:/program files/winavr/bin/../lib/gcc/avr/4.3.3/avr25\libgcc.a(_lt_sf.o)
 .bss           0x00800186        0x0 c:/program files/winavr/bin/../lib/gcc/avr/4.3.3/avr25\libgcc.a(_si_to_sf.o)
 .bss           0x00800186        0x0 c:/program files/winavr/bin/../lib/gcc/avr/4.3.3/avr25\libgcc.a(_sf_to_si.o)
 .bss           0x00800186        0x0 c:/program files/winavr/bin/../lib/gcc/avr/4.3.3/avr25\libgcc.a(_thenan_sf.o)
 .bss           0x00800186        0x0 c:/program files/winavr/bin/../lib/gcc/avr/4.3.3/avr25\libgcc.a(_udivmodsi4.o)
 .bss           0x00800186        0x0 c:/program files/winavr/bin/../lib/gcc/avr/4.3.3/avr25\libgcc.a(_prologue.o)
 .bss           0x00800186        0x0 c:/program files/winavr/bin/../lib/gcc/avr/4.3.3/avr25\libgcc.a(_epilogue.o)
 .bss           0x00800186        0x0 c:/program files/winavr/bin/../lib/gcc/avr/4.3.3/avr25\libgcc.a(_clzsi2.o)
 .bss           0x00800186        0x0 c:/program files/winavr/bin/../lib/gcc/avr/4.3.3/avr25\libgcc.a(_pack_sf.o)
 .bss           0x00800186        0x0 c:/program files/winavr/bin/../lib/gcc/avr/4.3.3/avr25\libgcc.a(_unpack_sf.o)
 .bss           0x00800186        0x0 c:/program files/winavr/bin/../lib/gcc/avr/4.3.3/avr25\libgcc.a(_fpcmp_parts_sf.o)
 .bss           0x00800186        0x0 c:/program files/winavr/bin/../lib/gcc/avr/4.3.3/avr25\libgcc.a(_clz.o)
 .bss           0x00800186        0x0 c:/program files/winavr/bin/../lib/gcc/avr/4.3.3/../../../../avr/lib/avr25\libc.a(log.o)
 .bss           0x00800186        0x0 c:/program files/winavr/bin/../lib/gcc/avr/4.3.3/../../../../avr/lib/avr25\libc.a(mulsf3x.o)
 .bss           0x00800186        0x0 c:/program files/winavr/bin/../lib/gcc/avr/4.3.3/../../../../avr/lib/avr25\libc.a(addsf3x.o)
 .bss           0x00800186        0x0 c:/program files/winavr/bin/../lib/gcc/avr/4.3.3/../../../../avr/lib/avr25\libc.a(fp_inf.o)
 .bss           0x00800186        0x0 c:/program files/winavr/bin/../lib/gcc/avr/4.3.3/../../../../avr/lib/avr25\libc.a(fp_mpack.o)
 .bss           0x00800186        0x0 c:/program files/winavr/bin/../lib/gcc/avr/4.3.3/../../../../avr/lib/avr25\libc.a(fp_nan.o)
 .bss           0x00800186        0x0 c:/program files/winavr/bin/../lib/gcc/avr/4.3.3/../../../../avr/lib/avr25\libc.a(fp_powser.o)
 .bss           0x00800186        0x0 c:/program files/winavr/bin/../lib/gcc/avr/4.3.3/../../../../avr/lib/avr25\libc.a(fp_pscA.o)
 .bss           0x00800186        0x0 c:/program files/winavr/bin/../lib/gcc/avr/4.3.3/../../../../avr/lib/avr25\libc.a(fp_pscB.o)
 .bss           0x00800186        0x0 c:/program files/winavr/bin/../lib/gcc/avr/4.3.3/../../../../avr/lib/avr25\libc.a(fp_round.o)
 .bss           0x00800186        0x0 c:/program files/winavr/bin/../lib/gcc/avr/4.3.3/../../../../avr/lib/avr25\libc.a(fp_split3.o)
 .bss           0x00800186        0x0 c:/program files/winavr/bin/../lib/gcc/avr/4.3.3/../../../../avr/lib/avr25\libc.a(fp_zero.o)
 *(.bss*)
 .bss.g_adc     0x00800186        0x1 ./POLLING3_Change3.o
                0x00800186                g_adc
 .bss.ntcTemp   0x00800187        0x1 ./POLLING3_Change3.o
                0x00800187                ntcTemp
 .bss.ntcTemp_old
                0x00800188        0x1 ./POLLING3_Change3.o
                0x00800188                ntcTemp_old
 .bss.tempChangeCount
                0x00800189        0x1 ./POLLING3_Change3.o
                0x00800189                tempChangeCount
 .bss.g_tick_t0
                0x0080018a        0x1 ./POLLING3_Change3.o
                0x0080018a                g_tick_t0
 .bss.g_tick_t1
                0x0080018b        0x1 ./POLLING3_Change3.o
                0x0080018b                g_tick_t1
 .bss.g_callbackPtr
                0x0080018c        0x2 ./adc.o
 .bss.g_callbackPtr
                0x0080018e        0x2 ./timer0.o
 .bss.g_callbackPtr
                0x00800190        0x2 ./timer1.o
 *(COMMON)
 COMMON         0x00800192        0xc ./POLLING3_Change3.o
                0x00800192                upper_digit
                0x00800193                val
                0x00800195                R
                0x00800199                ntc
                0x0080019d                lower_digit
                0x0080019e                PROVIDE (__bss_end, .)
                0x00001e86                __data_load_start = LOADADDR (.data)
                0x00001fac                __data_load_end = (__data_load_start + SIZEOF (.data))

.noinit         0x0080019e        0x0
                0x0080019e                PROVIDE (__noinit_start, .)
 *(.noinit*)
                0x0080019e                PROVIDE (__noinit_end, .)
                0x0080019e                _end = .
                0x0080019e                PROVIDE (__heap_start, .)

.eeprom         0x00810000        0x0
 *(.eeprom*)
                0x00810000                __eeprom_end = .

.fuse
 *(.fuse)
 *(.lfuse)
 *(.hfuse)
 *(.efuse)

.lock
 *(.lock*)

.signature
 *(.signature*)

.stab           0x00000000     0x1620
 *(.stab)
 .stab          0x00000000      0x63c ./7seg.o
 .stab          0x0000063c      0x4a4 ./7seg_new_connection.o
                                0x708 (size before relaxing)
 .stab          0x00000ae0      0x408 ./POLLING3_Change3.o
                                0x66c (size before relaxing)
 .stab          0x00000ee8      0x2dc ./adc.o
                                0x534 (size before relaxing)
 .stab          0x000011c4      0x228 ./timer0.o
                                0x480 (size before relaxing)
 .stab          0x000013ec      0x234 ./timer1.o
                                0x48c (size before relaxing)

.stabstr        0x00000000      0xc64
 *(.stabstr)
 .stabstr       0x00000000      0xc64 ./7seg.o

.stab.excl
 *(.stab.excl)

.stab.exclstr
 *(.stab.exclstr)

.stab.index
 *(.stab.index)

.stab.indexstr
 *(.stab.indexstr)

.comment
 *(.comment)

.debug
 *(.debug)

.line
 *(.line)

.debug_srcinfo
 *(.debug_srcinfo)

.debug_sfnames
 *(.debug_sfnames)

.debug_aranges  0x00000000      0x1a0
 *(.debug_aranges)
 .debug_aranges
                0x00000000       0x20 c:/program files/winavr/bin/../lib/gcc/avr/4.3.3/avr25\libgcc.a(_fixunssfsi.o)
 .debug_aranges
                0x00000020       0x20 c:/program files/winavr/bin/../lib/gcc/avr/4.3.3/avr25\libgcc.a(_addsub_sf.o)
 .debug_aranges
                0x00000040       0x20 c:/program files/winavr/bin/../lib/gcc/avr/4.3.3/avr25\libgcc.a(_mul_sf.o)
 .debug_aranges
                0x00000060       0x20 c:/program files/winavr/bin/../lib/gcc/avr/4.3.3/avr25\libgcc.a(_div_sf.o)
 .debug_aranges
                0x00000080       0x20 c:/program files/winavr/bin/../lib/gcc/avr/4.3.3/avr25\libgcc.a(_gt_sf.o)
 .debug_aranges
                0x000000a0       0x20 c:/program files/winavr/bin/../lib/gcc/avr/4.3.3/avr25\libgcc.a(_ge_sf.o)
 .debug_aranges
                0x000000c0       0x20 c:/program files/winavr/bin/../lib/gcc/avr/4.3.3/avr25\libgcc.a(_lt_sf.o)
 .debug_aranges
                0x000000e0       0x20 c:/program files/winavr/bin/../lib/gcc/avr/4.3.3/avr25\libgcc.a(_si_to_sf.o)
 .debug_aranges
                0x00000100       0x20 c:/program files/winavr/bin/../lib/gcc/avr/4.3.3/avr25\libgcc.a(_sf_to_si.o)
 .debug_aranges
                0x00000120       0x20 c:/program files/winavr/bin/../lib/gcc/avr/4.3.3/avr25\libgcc.a(_clzsi2.o)
 .debug_aranges
                0x00000140       0x20 c:/program files/winavr/bin/../lib/gcc/avr/4.3.3/avr25\libgcc.a(_pack_sf.o)
 .debug_aranges
                0x00000160       0x20 c:/program files/winavr/bin/../lib/gcc/avr/4.3.3/avr25\libgcc.a(_unpack_sf.o)
 .debug_aranges
                0x00000180       0x20 c:/program files/winavr/bin/../lib/gcc/avr/4.3.3/avr25\libgcc.a(_fpcmp_parts_sf.o)

.debug_pubnames
                0x00000000      0x1f0
 *(.debug_pubnames)
 .debug_pubnames
                0x00000000       0x23 c:/program files/winavr/bin/../lib/gcc/avr/4.3.3/avr25\libgcc.a(_fixunssfsi.o)
 .debug_pubnames
                0x00000023       0x2c c:/program files/winavr/bin/../lib/gcc/avr/4.3.3/avr25\libgcc.a(_addsub_sf.o)
 .debug_pubnames
                0x0000004f       0x1f c:/program files/winavr/bin/../lib/gcc/avr/4.3.3/avr25\libgcc.a(_mul_sf.o)
 .debug_pubnames
                0x0000006e       0x1f c:/program files/winavr/bin/../lib/gcc/avr/4.3.3/avr25\libgcc.a(_div_sf.o)
 .debug_pubnames
                0x0000008d       0x1e c:/program files/winavr/bin/../lib/gcc/avr/4.3.3/avr25\libgcc.a(_gt_sf.o)
 .debug_pubnames
                0x000000ab       0x1e c:/program files/winavr/bin/../lib/gcc/avr/4.3.3/avr25\libgcc.a(_ge_sf.o)
 .debug_pubnames
                0x000000c9       0x1e c:/program files/winavr/bin/../lib/gcc/avr/4.3.3/avr25\libgcc.a(_lt_sf.o)
 .debug_pubnames
                0x000000e7       0x22 c:/program files/winavr/bin/../lib/gcc/avr/4.3.3/avr25\libgcc.a(_si_to_sf.o)
 .debug_pubnames
                0x00000109       0x20 c:/program files/winavr/bin/../lib/gcc/avr/4.3.3/avr25\libgcc.a(_sf_to_si.o)
 .debug_pubnames
                0x00000129       0x22 c:/program files/winavr/bin/../lib/gcc/avr/4.3.3/avr25\libgcc.a(_thenan_sf.o)
 .debug_pubnames
                0x0000014b       0x1f c:/program files/winavr/bin/../lib/gcc/avr/4.3.3/avr25\libgcc.a(_clzsi2.o)
 .debug_pubnames
                0x0000016a       0x1f c:/program files/winavr/bin/../lib/gcc/avr/4.3.3/avr25\libgcc.a(_pack_sf.o)
 .debug_pubnames
                0x00000189       0x21 c:/program files/winavr/bin/../lib/gcc/avr/4.3.3/avr25\libgcc.a(_unpack_sf.o)
 .debug_pubnames
                0x000001aa       0x26 c:/program files/winavr/bin/../lib/gcc/avr/4.3.3/avr25\libgcc.a(_fpcmp_parts_sf.o)
 .debug_pubnames
                0x000001d0       0x20 c:/program files/winavr/bin/../lib/gcc/avr/4.3.3/avr25\libgcc.a(_clz.o)

.debug_info     0x00000000     0x240c
 *(.debug_info)
 .debug_info    0x00000000       0xb1 c:/program files/winavr/bin/../lib/gcc/avr/4.3.3/avr25\libgcc.a(_fixunssfsi.o)
 .debug_info    0x000000b1      0x47a c:/program files/winavr/bin/../lib/gcc/avr/4.3.3/avr25\libgcc.a(_addsub_sf.o)
 .debug_info    0x0000052b      0x485 c:/program files/winavr/bin/../lib/gcc/avr/4.3.3/avr25\libgcc.a(_mul_sf.o)
 .debug_info    0x000009b0      0x3fc c:/program files/winavr/bin/../lib/gcc/avr/4.3.3/avr25\libgcc.a(_div_sf.o)
 .debug_info    0x00000dac      0x27f c:/program files/winavr/bin/../lib/gcc/avr/4.3.3/avr25\libgcc.a(_gt_sf.o)
 .debug_info    0x0000102b      0x27f c:/program files/winavr/bin/../lib/gcc/avr/4.3.3/avr25\libgcc.a(_ge_sf.o)
 .debug_info    0x000012aa      0x27f c:/program files/winavr/bin/../lib/gcc/avr/4.3.3/avr25\libgcc.a(_lt_sf.o)
 .debug_info    0x00001529      0x207 c:/program files/winavr/bin/../lib/gcc/avr/4.3.3/avr25\libgcc.a(_si_to_sf.o)
 .debug_info    0x00001730      0x2b0 c:/program files/winavr/bin/../lib/gcc/avr/4.3.3/avr25\libgcc.a(_sf_to_si.o)
 .debug_info    0x000019e0      0x12c c:/program files/winavr/bin/../lib/gcc/avr/4.3.3/avr25\libgcc.a(_thenan_sf.o)
 .debug_info    0x00001b0c      0x117 c:/program files/winavr/bin/../lib/gcc/avr/4.3.3/avr25\libgcc.a(_clzsi2.o)
 .debug_info    0x00001c23      0x2df c:/program files/winavr/bin/../lib/gcc/avr/4.3.3/avr25\libgcc.a(_pack_sf.o)
 .debug_info    0x00001f02      0x251 c:/program files/winavr/bin/../lib/gcc/avr/4.3.3/avr25\libgcc.a(_unpack_sf.o)
 .debug_info    0x00002153      0x210 c:/program files/winavr/bin/../lib/gcc/avr/4.3.3/avr25\libgcc.a(_fpcmp_parts_sf.o)
 .debug_info    0x00002363       0xa9 c:/program files/winavr/bin/../lib/gcc/avr/4.3.3/avr25\libgcc.a(_clz.o)
 *(.gnu.linkonce.wi.*)

.debug_abbrev   0x00000000     0x1377
 *(.debug_abbrev)
 .debug_abbrev  0x00000000       0x5d c:/program files/winavr/bin/../lib/gcc/avr/4.3.3/avr25\libgcc.a(_fixunssfsi.o)
 .debug_abbrev  0x0000005d      0x1ea c:/program files/winavr/bin/../lib/gcc/avr/4.3.3/avr25\libgcc.a(_addsub_sf.o)
 .debug_abbrev  0x00000247      0x21b c:/program files/winavr/bin/../lib/gcc/avr/4.3.3/avr25\libgcc.a(_mul_sf.o)
 .debug_abbrev  0x00000462      0x216 c:/program files/winavr/bin/../lib/gcc/avr/4.3.3/avr25\libgcc.a(_div_sf.o)
 .debug_abbrev  0x00000678      0x15a c:/program files/winavr/bin/../lib/gcc/avr/4.3.3/avr25\libgcc.a(_gt_sf.o)
 .debug_abbrev  0x000007d2      0x15a c:/program files/winavr/bin/../lib/gcc/avr/4.3.3/avr25\libgcc.a(_ge_sf.o)
 .debug_abbrev  0x0000092c      0x15a c:/program files/winavr/bin/../lib/gcc/avr/4.3.3/avr25\libgcc.a(_lt_sf.o)
 .debug_abbrev  0x00000a86      0x148 c:/program files/winavr/bin/../lib/gcc/avr/4.3.3/avr25\libgcc.a(_si_to_sf.o)
 .debug_abbrev  0x00000bce      0x17f c:/program files/winavr/bin/../lib/gcc/avr/4.3.3/avr25\libgcc.a(_sf_to_si.o)
 .debug_abbrev  0x00000d4d       0xad c:/program files/winavr/bin/../lib/gcc/avr/4.3.3/avr25\libgcc.a(_thenan_sf.o)
 .debug_abbrev  0x00000dfa       0xc4 c:/program files/winavr/bin/../lib/gcc/avr/4.3.3/avr25\libgcc.a(_clzsi2.o)
 .debug_abbrev  0x00000ebe      0x1c0 c:/program files/winavr/bin/../lib/gcc/avr/4.3.3/avr25\libgcc.a(_pack_sf.o)
 .debug_abbrev  0x0000107e      0x154 c:/program files/winavr/bin/../lib/gcc/avr/4.3.3/avr25\libgcc.a(_unpack_sf.o)
 .debug_abbrev  0x000011d2      0x13b c:/program files/winavr/bin/../lib/gcc/avr/4.3.3/avr25\libgcc.a(_fpcmp_parts_sf.o)
 .debug_abbrev  0x0000130d       0x6a c:/program files/winavr/bin/../lib/gcc/avr/4.3.3/avr25\libgcc.a(_clz.o)

.debug_line     0x00000000     0x11d8
 *(.debug_line)
 .debug_line    0x00000000       0xa7 c:/program files/winavr/bin/../lib/gcc/avr/4.3.3/avr25\libgcc.a(_fixunssfsi.o)
 .debug_line    0x000000a7      0x2af c:/program files/winavr/bin/../lib/gcc/avr/4.3.3/avr25\libgcc.a(_addsub_sf.o)
 .debug_line    0x00000356      0x239 c:/program files/winavr/bin/../lib/gcc/avr/4.3.3/avr25\libgcc.a(_mul_sf.o)
 .debug_line    0x0000058f      0x1d5 c:/program files/winavr/bin/../lib/gcc/avr/4.3.3/avr25\libgcc.a(_div_sf.o)
 .debug_line    0x00000764       0xd3 c:/program files/winavr/bin/../lib/gcc/avr/4.3.3/avr25\libgcc.a(_gt_sf.o)
 .debug_line    0x00000837       0xd3 c:/program files/winavr/bin/../lib/gcc/avr/4.3.3/avr25\libgcc.a(_ge_sf.o)
 .debug_line    0x0000090a       0xd3 c:/program files/winavr/bin/../lib/gcc/avr/4.3.3/avr25\libgcc.a(_lt_sf.o)
 .debug_line    0x000009dd      0x135 c:/program files/winavr/bin/../lib/gcc/avr/4.3.3/avr25\libgcc.a(_si_to_sf.o)
 .debug_line    0x00000b12      0x109 c:/program files/winavr/bin/../lib/gcc/avr/4.3.3/avr25\libgcc.a(_sf_to_si.o)
 .debug_line    0x00000c1b       0x90 c:/program files/winavr/bin/../lib/gcc/avr/4.3.3/avr25\libgcc.a(_thenan_sf.o)
 .debug_line    0x00000cab       0xa5 c:/program files/winavr/bin/../lib/gcc/avr/4.3.3/avr25\libgcc.a(_clzsi2.o)
 .debug_line    0x00000d50      0x18a c:/program files/winavr/bin/../lib/gcc/avr/4.3.3/avr25\libgcc.a(_pack_sf.o)
 .debug_line    0x00000eda      0x14b c:/program files/winavr/bin/../lib/gcc/avr/4.3.3/avr25\libgcc.a(_unpack_sf.o)
 .debug_line    0x00001025      0x137 c:/program files/winavr/bin/../lib/gcc/avr/4.3.3/avr25\libgcc.a(_fpcmp_parts_sf.o)
 .debug_line    0x0000115c       0x7c c:/program files/winavr/bin/../lib/gcc/avr/4.3.3/avr25\libgcc.a(_clz.o)

.debug_frame    0x00000000      0x1c0
 *(.debug_frame)
 .debug_frame   0x00000000       0x20 c:/program files/winavr/bin/../lib/gcc/avr/4.3.3/avr25\libgcc.a(_fixunssfsi.o)
 .debug_frame   0x00000020       0x40 c:/program files/winavr/bin/../lib/gcc/avr/4.3.3/avr25\libgcc.a(_addsub_sf.o)
 .debug_frame   0x00000060       0x20 c:/program files/winavr/bin/../lib/gcc/avr/4.3.3/avr25\libgcc.a(_mul_sf.o)
 .debug_frame   0x00000080       0x20 c:/program files/winavr/bin/../lib/gcc/avr/4.3.3/avr25\libgcc.a(_div_sf.o)
 .debug_frame   0x000000a0       0x20 c:/program files/winavr/bin/../lib/gcc/avr/4.3.3/avr25\libgcc.a(_gt_sf.o)
 .debug_frame   0x000000c0       0x20 c:/program files/winavr/bin/../lib/gcc/avr/4.3.3/avr25\libgcc.a(_ge_sf.o)
 .debug_frame   0x000000e0       0x20 c:/program files/winavr/bin/../lib/gcc/avr/4.3.3/avr25\libgcc.a(_lt_sf.o)
 .debug_frame   0x00000100       0x20 c:/program files/winavr/bin/../lib/gcc/avr/4.3.3/avr25\libgcc.a(_si_to_sf.o)
 .debug_frame   0x00000120       0x20 c:/program files/winavr/bin/../lib/gcc/avr/4.3.3/avr25\libgcc.a(_sf_to_si.o)
 .debug_frame   0x00000140       0x20 c:/program files/winavr/bin/../lib/gcc/avr/4.3.3/avr25\libgcc.a(_clzsi2.o)
 .debug_frame   0x00000160       0x20 c:/program files/winavr/bin/../lib/gcc/avr/4.3.3/avr25\libgcc.a(_pack_sf.o)
 .debug_frame   0x00000180       0x20 c:/program files/winavr/bin/../lib/gcc/avr/4.3.3/avr25\libgcc.a(_unpack_sf.o)
 .debug_frame   0x000001a0       0x20 c:/program files/winavr/bin/../lib/gcc/avr/4.3.3/avr25\libgcc.a(_fpcmp_parts_sf.o)

.debug_str      0x00000000      0x2f4
 *(.debug_str)
 .debug_str     0x00000000       0xc0 c:/program files/winavr/bin/../lib/gcc/avr/4.3.3/avr25\libgcc.a(_fixunssfsi.o)
                                 0xff (size before relaxing)
 .debug_str     0x000000c0      0x14d c:/program files/winavr/bin/../lib/gcc/avr/4.3.3/avr25\libgcc.a(_addsub_sf.o)
                                0x207 (size before relaxing)
 .debug_str     0x0000020d       0x27 c:/program files/winavr/bin/../lib/gcc/avr/4.3.3/avr25\libgcc.a(_mul_sf.o)
                                0x1c0 (size before relaxing)
 .debug_str     0x00000234       0x35 c:/program files/winavr/bin/../lib/gcc/avr/4.3.3/avr25\libgcc.a(_div_sf.o)
                                0x1c9 (size before relaxing)
 .debug_str     0x00000269        0x8 c:/program files/winavr/bin/../lib/gcc/avr/4.3.3/avr25\libgcc.a(_gt_sf.o)
                                0x196 (size before relaxing)
 .debug_str     0x00000271        0x8 c:/program files/winavr/bin/../lib/gcc/avr/4.3.3/avr25\libgcc.a(_ge_sf.o)
                                0x196 (size before relaxing)
 .debug_str     0x00000279        0x8 c:/program files/winavr/bin/../lib/gcc/avr/4.3.3/avr25\libgcc.a(_lt_sf.o)
                                0x196 (size before relaxing)
 .debug_str     0x00000281       0x1e c:/program files/winavr/bin/../lib/gcc/avr/4.3.3/avr25\libgcc.a(_si_to_sf.o)
                                0x17c (size before relaxing)
 .debug_str     0x0000029f        0xa c:/program files/winavr/bin/../lib/gcc/avr/4.3.3/avr25\libgcc.a(_sf_to_si.o)
                                0x19f (size before relaxing)
 .debug_str     0x00000000      0x104 c:/program files/winavr/bin/../lib/gcc/avr/4.3.3/avr25\libgcc.a(_thenan_sf.o)
 .debug_str     0x000002a9       0x20 c:/program files/winavr/bin/../lib/gcc/avr/4.3.3/avr25\libgcc.a(_clzsi2.o)
                                0x112 (size before relaxing)
 .debug_str     0x000002c9       0x10 c:/program files/winavr/bin/../lib/gcc/avr/4.3.3/avr25\libgcc.a(_pack_sf.o)
                                0x19e (size before relaxing)
 .debug_str     0x000002d9        0xb c:/program files/winavr/bin/../lib/gcc/avr/4.3.3/avr25\libgcc.a(_unpack_sf.o)
                                0x180 (size before relaxing)
 .debug_str     0x000002e4       0x10 c:/program files/winavr/bin/../lib/gcc/avr/4.3.3/avr25\libgcc.a(_fpcmp_parts_sf.o)
                                0x164 (size before relaxing)
 .debug_str     0x00000000       0xf5 c:/program files/winavr/bin/../lib/gcc/avr/4.3.3/avr25\libgcc.a(_clz.o)

.debug_loc      0x00000000      0x9ce
 *(.debug_loc)
 .debug_loc     0x00000000       0x34 c:/program files/winavr/bin/../lib/gcc/avr/4.3.3/avr25\libgcc.a(_fixunssfsi.o)
 .debug_loc     0x00000034      0x32a c:/program files/winavr/bin/../lib/gcc/avr/4.3.3/avr25\libgcc.a(_addsub_sf.o)
 .debug_loc     0x0000035e      0x104 c:/program files/winavr/bin/../lib/gcc/avr/4.3.3/avr25\libgcc.a(_mul_sf.o)
 .debug_loc     0x00000462       0xc0 c:/program files/winavr/bin/../lib/gcc/avr/4.3.3/avr25\libgcc.a(_div_sf.o)
 .debug_loc     0x00000522       0x3c c:/program files/winavr/bin/../lib/gcc/avr/4.3.3/avr25\libgcc.a(_gt_sf.o)
 .debug_loc     0x0000055e       0x3c c:/program files/winavr/bin/../lib/gcc/avr/4.3.3/avr25\libgcc.a(_ge_sf.o)
 .debug_loc     0x0000059a       0x3c c:/program files/winavr/bin/../lib/gcc/avr/4.3.3/avr25\libgcc.a(_lt_sf.o)
 .debug_loc     0x000005d6       0xac c:/program files/winavr/bin/../lib/gcc/avr/4.3.3/avr25\libgcc.a(_si_to_sf.o)
 .debug_loc     0x00000682       0x7e c:/program files/winavr/bin/../lib/gcc/avr/4.3.3/avr25\libgcc.a(_sf_to_si.o)
 .debug_loc     0x00000700       0x94 c:/program files/winavr/bin/../lib/gcc/avr/4.3.3/avr25\libgcc.a(_clzsi2.o)
 .debug_loc     0x00000794      0x13e c:/program files/winavr/bin/../lib/gcc/avr/4.3.3/avr25\libgcc.a(_pack_sf.o)
 .debug_loc     0x000008d2       0xac c:/program files/winavr/bin/../lib/gcc/avr/4.3.3/avr25\libgcc.a(_unpack_sf.o)
 .debug_loc     0x0000097e       0x50 c:/program files/winavr/bin/../lib/gcc/avr/4.3.3/avr25\libgcc.a(_fpcmp_parts_sf.o)

.debug_macinfo
 *(.debug_macinfo)
OUTPUT(ATtiny84_Digital_Display_v1.elf elf32-avr)
LOAD linker stubs

.debug_ranges   0x00000000       0x50
 .debug_ranges  0x00000000       0x50 c:/program files/winavr/bin/../lib/gcc/avr/4.3.3/avr25\libgcc.a(_mul_sf.o)
